// Jest Snapshot v1, https://goo.gl/fbAQLP

exports[`Signup renders correctly 1`] = `
<div
  className="MainDiv"
>
  <div
    className="container"
  >
    <div>
      <button
        className="login-btn"
        onClick={[Function]}
        type="button"
      >
        <h3>
          Signup
        </h3>
        <svg
          fill="currentColor"
          height="1em"
          stroke="currentColor"
          strokeWidth="0"
          style={
            Object {
              "color": undefined,
            }
          }
          viewBox="0 0 24 24"
          width="1em"
          xmlns="http://www.w3.org/2000/svg"
        >
          <path
            d="M12 2C6.486 2 2 6.486 2 12s4.486 10 10 10 10-4.486 10-10S17.514 2 12 2zm0 18c-4.411 0-8-3.589-8-8s3.589-8 8-8 8 3.589 8 8-3.589 8-8 8z"
          />
          <path
            d="m13 16 5-4-5-4zm-6 0 5-4-5-4z"
          />
        </svg>
      </button>
    </div>
  </div>
</div>
`;
