// Jest Snapshot v1, https://goo.gl/fbAQLP

exports[`should render Sidebar correctly 1`] = `
<div
  className="flex flex-col w-64 sidebar-wrapper"
>
  <span
    className="nav-header"
  >
    <h2>
      Rent a Car
    </h2>
  </span>
  <span
    className="user-mail"
  />
  <div
    className="flex-1 flex flex-col pt-3 pb-4 overflow-y-auto"
  >
    <div
      className="flex items-center flex-shrink-0 px-4"
    >
      <a
        href="/"
      >
        <img
          alt="logo"
          className="w-40"
          src="logo.png"
        />
      </a>
    </div>
    <nav
      aria-label="Sidebar"
      className="mt-12 flex-1 desktop-nav"
    >
      <div
        className="pl-3 uppercase font-black text-md"
      >
        <a
          aria-current="page"
          className="bg-lime-500 text-slate-50 group flex items-center pl-5 py-3 hover:text-slate-900"
          href="/home"
        >
          Cars
        </a>
        <a
          className="text-slate-900 hover:bg-lime-200 group flex items-center pl-5 py-3 hover:text-slate-900"
          href="reserve"
        >
          Reserve
        </a>
        <a
          className="text-slate-900 hover:bg-lime-200 group flex items-center pl-5 py-3 hover:text-slate-900"
          href="/reservations"
        >
          My reservations
        </a>
        <a
          className="text-slate-900 hover:bg-lime-200 group flex items-center pl-5 py-3 hover:text-slate-900"
          href="add"
        >
          Add car
        </a>
        <a
          className="text-slate-900 hover:bg-lime-200 group flex items-center pl-5 py-3 hover:text-slate-900"
          href="delete"
        >
          Delete car
        </a>
        <span
          className="logout"
        >
          <button
            className="logout"
            onClick={[Function]}
            type="button"
          >
            <h4>
              LOGOUT
            </h4>
          </button>
        </span>
      </div>
    </nav>
  </div>
  <div
    className="flex-shrink-0 flex-200 p-4"
  >
    <div
      className="flex gap-2"
    >
      <a
        href="/"
      >
        <img
          alt="social-icon"
          className="w-6"
          src="twitter-icon.png"
        />
      </a>
      <a
        href="/"
      >
        <img
          alt="social-icon"
          className="w-6"
          src="facebook-icon.png"
        />
      </a>
      <a
        href="/"
      >
        <img
          alt="social-icon"
          className="w-6"
          src="linkedin-icon.png"
        />
      </a>
      <a
        href="/"
      >
        <img
          alt="social-icon"
          className="w-6"
          src="github-icon.png"
        />
      </a>
    </div>
    <p
      className="text-gray-700 font-bold mt-2"
    >
      Â© 2022
    </p>
  </div>
</div>
`;
